[36mvite v6.3.5 [32mbuilding for production...[36m[39m
transforming...
[32mโ“[39m 1760 modules transformed.
cmd : [31mโ—[39m Build failed in 2.66s
At line:1 char:1
+ cmd /c npx vite build > build_output.txt 2>&1
+ ~~~~~~~~~~~~~~~~~~~~~~~~~~~~~~~~~~~~~~~~~~~~~
    + CategoryInfo          : NotSpecified: ([31mโ—[39m Build failed in 2.66s:String) [], RemoteException
    + FullyQualifiedErrorId : NativeCommandError
 
[31merror during build:
[31m[vite:esbuild] Transform failed with 3 errors:
C:/Users/USER/.gemini/antigravity/scratch/scholar/src/app/pages/scholar-lifecycle/PostGraduation.tsx:573:7: ERROR: The 
character "}" is not valid inside a JSX element
C:/Users/USER/.gemini/antigravity/scratch/scholar/src/app/pages/scholar-lifecycle/PostGraduation.tsx:632:0: ERROR: The 
character "}" is not valid inside a JSX element
C:/Users/USER/.gemini/antigravity/scratch/scholar/src/app/pages/scholar-lifecycle/PostGraduation.tsx:634:50: ERROR: 
Expected "}" but found ":"[31m
file: 
[36mC:/Users/USER/.gemini/antigravity/scratch/scholar/src/app/pages/scholar-lifecycle/PostGraduation.tsx:573:7[31m
[33m
[33mThe character "}" is not valid inside a JSX element[33m
571|  
572|          </div>
573|        )}
   |         ^
574|  
575|        {/* Completion Dialog */}

[33mThe character "}" is not valid inside a JSX element[33m
630|      </div>
631|    );
632|  }
   |  ^
633|  
634|  function FileUploadArea({ label, accept }: { label: string; accept: string }) {

[33mExpected "}" but found ":"[33m
632|  }
633|  
634|  function FileUploadArea({ label, accept }: { label: string; accept: string }) {
   |                                                    ^
635|    return (
636|      <div className="mt-2 border-2 border-dashed border-gray-200 rounded-lg p-3 hover:border-blue-300 
transition-colors cursor-pointer" onClick={() => toast.info(`เธญเธฑเธเนเธซเธฅเธ”: ${label}`)}>
[31m
    at failureErrorWithLog (C:\Users\USER\.gemini\antigravity\scratch\scholar\node_modules\esbuild\lib\main.js:1467:15)
    at C:\Users\USER\.gemini\antigravity\scratch\scholar\node_modules\esbuild\lib\main.js:736:50
    at responseCallbacks.<computed> 
(C:\Users\USER\.gemini\antigravity\scratch\scholar\node_modules\esbuild\lib\main.js:603:9)
    at handleIncomingPacket (C:\Users\USER\.gemini\antigravity\scratch\scholar\node_modules\esbuild\lib\main.js:658:12)
    at Socket.readFromStdout (C:\Users\USER\.gemini\antigravity\scratch\scholar\node_modules\esbuild\lib\main.js:581:7)
    at Socket.emit (node:events:508:28)
    at addChunk (node:internal/streams/readable:559:12)
    at readableAddChunkPushByteMode (node:internal/streams/readable:510:3)
    at Readable.push (node:internal/streams/readable:390:5)
    at Pipe.onStreamRead (node:internal/stream_base_commons:189:23)[39m
